// Jest Snapshot v1, https://goo.gl/fbAQLP

exports[`Correctly does not show an error message when message is blank 1`] = `<DocumentFragment />`;

exports[`Successfully shows an error message 1`] = `
<DocumentFragment>
  <span
    class="bg-red-100 border border-red-400 text-red-700 px-4 mt-4 mb-4 rounded relative block"
    role="alert"
  >
    <strong
      class="font-bold"
    >
      URL is not a valid URL!
    </strong>
  </span>
</DocumentFragment>
`;
